// Jest Snapshot v1, https://goo.gl/fbAQLP

exports[`Read file toString 1`] = `undefined`;
